E
======================================================================
ERROR: test_threshold_passing (__main__.TestScoredRetrieverThreshold.test_threshold_passing)
----------------------------------------------------------------------
Traceback (most recent call last):
  File "C:\Projects\rag-lib\tests\test_scored_retrieval_threshold.py", line 35, in test_threshold_passing
    retriever = ScoredMultiVectorRetriever(
        vectorstore=mock_vectorstore,
    ...<3 lines>...
        search_threshold=threshold
    )
  File "C:\Users\volko\AppData\Roaming\Python\Python313\site-packages\langchain_core\load\serializable.py", line 116, in __init__
    super().__init__(*args, **kwargs)
    ~~~~~~~~~~~~~~~~^^^^^^^^^^^^^^^^^
  File "C:\Users\volko\AppData\Roaming\Python\Python313\site-packages\pydantic\main.py", line 253, in __init__
    validated_self = self.__pydantic_validator__.validate_python(data, self_instance=self)
pydantic_core._pydantic_core.ValidationError: 1 validation error for ScoredMultiVectorRetriever
vectorstore
  Input should be an instance of VectorStore [type=is_instance_of, input_value=<MagicMock id='2414206845008'>, input_type=MagicMock]
    For further information visit https://errors.pydantic.dev/2.11/v/is_instance_of

----------------------------------------------------------------------
Ran 1 test in 0.002s

FAILED (errors=1)

--- Testing Search Threshold Passing ---
